Simulator report for test_button
Tue Nov 01 18:04:33 2016
Quartus II 64-Bit Version 9.0 Build 132 02/25/2009 SJ Full Version


---------------------
; Table of Contents ;
---------------------
  1. Legal Notice
  2. Simulator Summary
  3. Simulator Settings
  4. Simulation Waveforms
  5. Coverage Summary
  6. Complete 1/0-Value Coverage
  7. Missing 1-Value Coverage
  8. Missing 0-Value Coverage
  9. Simulator INI Usage
 10. Simulator Messages



----------------
; Legal Notice ;
----------------
Copyright (C) 1991-2009 Altera Corporation
Your use of Altera Corporation's design tools, logic functions 
and other software and tools, and its AMPP partner logic 
functions, and any output files from any of the foregoing 
(including device programming or simulation files), and any 
associated documentation or information are expressly subject 
to the terms and conditions of the Altera Program License 
Subscription Agreement, Altera MegaCore Function License 
Agreement, or other applicable license agreement, including, 
without limitation, that your use is for the sole purpose of 
programming logic devices manufactured by Altera and sold by 
Altera or its authorized distributors.  Please refer to the 
applicable agreement for further details.



+---------------------------------------------+
; Simulator Summary                           ;
+-----------------------------+---------------+
; Type                        ; Value         ;
+-----------------------------+---------------+
; Simulation Start Time       ; 0 ps          ;
; Simulation End Time         ; 20.0 ms       ;
; Simulation Netlist Size     ; 108 nodes     ;
; Simulation Coverage         ;      94.44 %  ;
; Total Number of Transitions ; 34592         ;
; Simulation Breakpoints      ; 0             ;
; Family                      ; MAX II        ;
; Device                      ; EPM1270T144C5 ;
+-----------------------------+---------------+


+-------------------------------------------------------------------------------------------------------------------------+
; Simulator Settings                                                                                                      ;
+--------------------------------------------------------------------------------------------+------------+---------------+
; Option                                                                                     ; Setting    ; Default Value ;
+--------------------------------------------------------------------------------------------+------------+---------------+
; Simulation mode                                                                            ; Timing     ; Timing        ;
; Start time                                                                                 ; 0 ns       ; 0 ns          ;
; Simulation results format                                                                  ; CVWF       ;               ;
; Add pins automatically to simulation output waveforms                                      ; On         ; On            ;
; Check outputs                                                                              ; Off        ; Off           ;
; Report simulation coverage                                                                 ; On         ; On            ;
; Display complete 1/0 value coverage report                                                 ; On         ; On            ;
; Display missing 1-value coverage report                                                    ; On         ; On            ;
; Display missing 0-value coverage report                                                    ; On         ; On            ;
; Detect setup and hold time violations                                                      ; Off        ; Off           ;
; Detect glitches                                                                            ; Off        ; Off           ;
; Disable timing delays in Timing Simulation                                                 ; Off        ; Off           ;
; Generate Signal Activity File                                                              ; Off        ; Off           ;
; Generate VCD File for PowerPlay Power Analyzer                                             ; Off        ; Off           ;
; Group bus channels in simulation results                                                   ; Off        ; Off           ;
; Preserve fewer signal transitions to reduce memory requirements                            ; On         ; On            ;
; Trigger vector comparison with the specified mode                                          ; INPUT_EDGE ; INPUT_EDGE    ;
; Disable setup and hold time violations detection in input registers of bi-directional pins ; Off        ; Off           ;
; Overwrite Waveform Inputs With Simulation Outputs                                          ; Off        ;               ;
; Perform Glitch Filtering in Timing Simulation                                              ; Auto       ; Auto          ;
+--------------------------------------------------------------------------------------------+------------+---------------+


+----------------------+
; Simulation Waveforms ;
+----------------------+
Waveform report data cannot be output to ASCII.
Please use Quartus II 64-Bit to view the waveform report data.


+--------------------------------------------------------------------+
; Coverage Summary                                                   ;
+-----------------------------------------------------+--------------+
; Type                                                ; Value        ;
+-----------------------------------------------------+--------------+
; Total coverage as a percentage                      ;      94.44 % ;
; Total nodes checked                                 ; 108          ;
; Total output ports checked                          ; 126          ;
; Total output ports with complete 1/0-value coverage ; 119          ;
; Total output ports with no 1/0-value coverage       ; 7            ;
; Total output ports with no 1-value coverage         ; 7            ;
; Total output ports with no 0-value coverage         ; 7            ;
+-----------------------------------------------------+--------------+


The following table displays output ports that toggle between 1 and 0 during simulation.
+----------------------------------------------------------------------------------------------------------------------------+
; Complete 1/0-Value Coverage                                                                                                ;
+----------------------------------------------------+----------------------------------------------------+------------------+
; Node Name                                          ; Output Port Name                                   ; Output Port Type ;
+----------------------------------------------------+----------------------------------------------------+------------------+
; |test_button|translate:U2|row_out_t[1]             ; |test_button|translate:U2|row_out_t[1]             ; regout           ;
; |test_button|translate:U2|row_out_t[2]             ; |test_button|translate:U2|row_out_t[2]             ; regout           ;
; |test_button|digitron:U4|dcat[5]                   ; |test_button|digitron:U4|dcat[5]                   ; regout           ;
; |test_button|digitron:U4|dshow[0]                  ; |test_button|digitron:U4|dshow[0]                  ; regout           ;
; |test_button|digitron:U4|dshow[1]                  ; |test_button|digitron:U4|dshow[1]                  ; regout           ;
; |test_button|digitron:U4|dshow[2]                  ; |test_button|digitron:U4|dshow[2]                  ; regout           ;
; |test_button|digitron:U4|dshow[3]                  ; |test_button|digitron:U4|dshow[3]                  ; regout           ;
; |test_button|digitron:U4|dshow[4]                  ; |test_button|digitron:U4|dshow[4]                  ; regout           ;
; |test_button|digitron:U4|dshow[5]                  ; |test_button|digitron:U4|dshow[5]                  ; regout           ;
; |test_button|digitron:U4|dshow[6]                  ; |test_button|digitron:U4|dshow[6]                  ; regout           ;
; |test_button|translate:U2|counter[1]               ; |test_button|translate:U2|counter[1]               ; regout           ;
; |test_button|frequency_division:U1|clk_out_f       ; |test_button|frequency_division:U1|clk_out_f       ; regout           ;
; |test_button|translate:U2|counter[0]               ; |test_button|translate:U2|counter[0]               ; regout           ;
; |test_button|translate:U2|row_out_t[3]             ; |test_button|translate:U2|Mux0~0                   ; combout          ;
; |test_button|translate:U2|row_out_t[3]             ; |test_button|translate:U2|row_out_t[3]             ; regout           ;
; |test_button|prevent_shake:U3|show_out_p           ; |test_button|digitron:U4|dshow[3]~42               ; combout          ;
; |test_button|prevent_shake:U3|show_out_p           ; |test_button|prevent_shake:U3|show_out_p           ; regout           ;
; |test_button|get_select:U10|a_select_out_g[1]      ; |test_button|get_select:U10|a_select_out_g[1]      ; regout           ;
; |test_button|get_select:U10|a_select_out_g[0]      ; |test_button|get_select:U10|a_select_out_g[0]      ; regout           ;
; |test_button|get_select:U10|b_select_out_g[0]      ; |test_button|get_select:U10|b_select_out_g[0]      ; regout           ;
; |test_button|get_select:U10|b_select_out_g[1]      ; |test_button|get_select:U10|b_select_out_g[1]      ; regout           ;
; |test_button|digitron:U4|dcat~16                   ; |test_button|digitron:U4|dcat~16                   ; combout          ;
; |test_button|digitron:U4|dcat[4]                   ; |test_button|digitron:U4|dcat~17                   ; combout          ;
; |test_button|digitron:U4|dcat[4]                   ; |test_button|digitron:U4|dcat[4]                   ; regout           ;
; |test_button|digitron:U4|dshow~43                  ; |test_button|digitron:U4|dshow~43                  ; combout          ;
; |test_button|digitron:U4|dshow~46                  ; |test_button|digitron:U4|dshow~46                  ; combout          ;
; |test_button|digitron:U4|dshow~48                  ; |test_button|digitron:U4|dshow~48                  ; combout          ;
; |test_button|digitron:U4|dshow~51                  ; |test_button|digitron:U4|dshow~51                  ; combout          ;
; |test_button|frequency_division:U1|Q_f             ; |test_button|frequency_division:U1|Q_f             ; regout           ;
; |test_button|translate:U2|show_out_t               ; |test_button|translate:U2|show_out_t               ; regout           ;
; |test_button|prevent_shake:U3|ready_in_p_tmp       ; |test_button|prevent_shake:U3|ready_in_p_tmp       ; regout           ;
; |test_button|translate:U2|ready_out_t              ; |test_button|translate:U2|ready_out_t              ; regout           ;
; |test_button|prevent_shake:U3|show_in_p_tmp        ; |test_button|prevent_shake:U3|process_0~11         ; combout          ;
; |test_button|prevent_shake:U3|show_in_p_tmp        ; |test_button|prevent_shake:U3|show_in_p_tmp        ; regout           ;
; |test_button|prevent_shake:U3|start_in_p_tmp       ; |test_button|prevent_shake:U3|start_in_p_tmp       ; regout           ;
; |test_button|translate:U2|start_out_t              ; |test_button|translate:U2|start_out_t              ; regout           ;
; |test_button|prevent_shake:U3|a_select_in_p_tmp[0] ; |test_button|prevent_shake:U3|process_0~12         ; combout          ;
; |test_button|prevent_shake:U3|a_select_in_p_tmp[0] ; |test_button|prevent_shake:U3|a_select_in_p_tmp[0] ; regout           ;
; |test_button|translate:U2|a_ok_out_t               ; |test_button|translate:U2|a_ok_out_t               ; regout           ;
; |test_button|prevent_shake:U3|b_select_in_p_tmp[0] ; |test_button|prevent_shake:U3|b_select_in_p_tmp[0] ; regout           ;
; |test_button|translate:U2|b_select_out_t[0]        ; |test_button|translate:U2|b_select_out_t[0]        ; regout           ;
; |test_button|prevent_shake:U3|a_ok_in_p_tmp        ; |test_button|prevent_shake:U3|process_0~13         ; combout          ;
; |test_button|prevent_shake:U3|a_ok_in_p_tmp        ; |test_button|prevent_shake:U3|a_ok_in_p_tmp        ; regout           ;
; |test_button|prevent_shake:U3|b_ok_in_p_tmp        ; |test_button|prevent_shake:U3|b_ok_in_p_tmp        ; regout           ;
; |test_button|translate:U2|b_ok_out_t               ; |test_button|translate:U2|b_ok_out_t               ; regout           ;
; |test_button|prevent_shake:U3|a_select_in_p_tmp[1] ; |test_button|prevent_shake:U3|process_0~14         ; combout          ;
; |test_button|prevent_shake:U3|a_select_in_p_tmp[1] ; |test_button|prevent_shake:U3|a_select_in_p_tmp[1] ; regout           ;
; |test_button|prevent_shake:U3|process_0~15         ; |test_button|prevent_shake:U3|process_0~15         ; combout          ;
; |test_button|translate:U2|b_select_out_t[1]        ; |test_button|translate:U2|b_select_out_t[1]        ; regout           ;
; |test_button|prevent_shake:U3|b_select_in_p_tmp[1] ; |test_button|prevent_shake:U3|process_0~10         ; combout          ;
; |test_button|prevent_shake:U3|b_select_in_p_tmp[1] ; |test_button|prevent_shake:U3|b_select_in_p_tmp[1] ; regout           ;
; |test_button|prevent_shake:U3|counter_p[1]         ; |test_button|prevent_shake:U3|counter_p[1]         ; regout           ;
; |test_button|prevent_shake:U3|counter_p[2]         ; |test_button|prevent_shake:U3|counter_p[2]         ; regout           ;
; |test_button|prevent_shake:U3|show_out_p~1         ; |test_button|prevent_shake:U3|show_out_p~1         ; combout          ;
; |test_button|get_select:U10|a_select_tmp[1]        ; |test_button|get_select:U10|a_select_tmp[1]        ; regout           ;
; |test_button|prevent_shake:U3|a_ok_out_p           ; |test_button|get_select:U10|a_select_out_g[0]~7    ; combout          ;
; |test_button|get_select:U10|a_select_tmp[0]        ; |test_button|get_select:U10|a_select_tmp[0]        ; regout           ;
; |test_button|get_select:U10|b_select_tmp[0]        ; |test_button|get_select:U10|b_select_tmp[0]        ; regout           ;
; |test_button|prevent_shake:U3|b_ok_out_p           ; |test_button|get_select:U10|b_select_out_g[1]~7    ; combout          ;
; |test_button|get_select:U10|b_select_tmp[1]        ; |test_button|get_select:U10|b_select_tmp[1]        ; regout           ;
; |test_button|frequency_division:U1|counter_f[4]    ; |test_button|frequency_division:U1|counter_f[4]    ; regout           ;
; |test_button|frequency_division:U1|counter_f[2]    ; |test_button|frequency_division:U1|counter_f[2]    ; regout           ;
; |test_button|frequency_division:U1|counter_f[0]    ; |test_button|frequency_division:U1|counter_f[0]    ; regout           ;
; |test_button|frequency_division:U1|counter_f[3]    ; |test_button|frequency_division:U1|counter_f[3]    ; regout           ;
; |test_button|frequency_division:U1|counter_f[1]    ; |test_button|frequency_division:U1|Equal0~0        ; combout          ;
; |test_button|frequency_division:U1|counter_f[1]    ; |test_button|frequency_division:U1|counter_f[1]    ; regout           ;
; |test_button|translate:U2|state[0]                 ; |test_button|translate:U2|Mux18~3                  ; combout          ;
; |test_button|translate:U2|state[0]                 ; |test_button|translate:U2|state[0]                 ; regout           ;
; |test_button|translate:U2|Mux25~1                  ; |test_button|translate:U2|Mux25~1                  ; combout          ;
; |test_button|translate:U2|Mux23~1                  ; |test_button|translate:U2|Mux23~1                  ; combout          ;
; |test_button|translate:U2|Mux23~2                  ; |test_button|translate:U2|Mux23~2                  ; combout          ;
; |test_button|translate:U2|Mux13~0                  ; |test_button|translate:U2|Mux13~0                  ; combout          ;
; |test_button|translate:U2|state[1]                 ; |test_button|translate:U2|Mux23~3                  ; combout          ;
; |test_button|translate:U2|state[1]                 ; |test_button|translate:U2|state[1]                 ; regout           ;
; |test_button|translate:U2|Mux18~4                  ; |test_button|translate:U2|Mux18~4                  ; combout          ;
; |test_button|translate:U2|Mux25~3                  ; |test_button|translate:U2|Mux25~3                  ; combout          ;
; |test_button|translate:U2|Mux22~1                  ; |test_button|translate:U2|Mux22~1                  ; combout          ;
; |test_button|translate:U2|Mux22~2                  ; |test_button|translate:U2|Mux22~2                  ; combout          ;
; |test_button|translate:U2|Mux21~1                  ; |test_button|translate:U2|Mux21~1                  ; combout          ;
; |test_button|translate:U2|Mux11~0                  ; |test_button|translate:U2|Mux11~0                  ; combout          ;
; |test_button|translate:U2|Mux24~2                  ; |test_button|translate:U2|Mux24~2                  ; combout          ;
; |test_button|prevent_shake:U3|a_select_out_p[1]    ; |test_button|prevent_shake:U3|a_select_out_p[1]    ; regout           ;
; |test_button|prevent_shake:U3|a_select_out_p[0]    ; |test_button|prevent_shake:U3|a_select_out_p[0]    ; regout           ;
; |test_button|prevent_shake:U3|ready_out_p          ; |test_button|get_select:U10|a_select_tmp~7         ; combout          ;
; |test_button|prevent_shake:U3|ready_out_p          ; |test_button|prevent_shake:U3|ready_out_p          ; regout           ;
; |test_button|prevent_shake:U3|b_select_out_p[0]    ; |test_button|prevent_shake:U3|b_select_out_p[0]    ; regout           ;
; |test_button|prevent_shake:U3|b_select_out_p[1]    ; |test_button|prevent_shake:U3|b_select_out_p[1]    ; regout           ;
; |test_button|prevent_shake:U3|start_out_p          ; |test_button|get_select:U10|b_select_tmp~7         ; combout          ;
; |test_button|prevent_shake:U3|start_out_p          ; |test_button|prevent_shake:U3|start_out_p          ; regout           ;
; |test_button|frequency_division:U1|Add0~12         ; |test_button|frequency_division:U1|Add0~12         ; combout          ;
; |test_button|frequency_division:U1|Add0~14         ; |test_button|frequency_division:U1|Add0~14         ; combout          ;
; |test_button|frequency_division:U1|Add0~14         ; |test_button|frequency_division:U1|Add0~15         ; cout0            ;
; |test_button|frequency_division:U1|Add0~14         ; |test_button|frequency_division:U1|Add0~15COUT1_32 ; cout1            ;
; |test_button|frequency_division:U1|Add0~16         ; |test_button|frequency_division:U1|Add0~16         ; combout          ;
; |test_button|frequency_division:U1|Add0~16         ; |test_button|frequency_division:U1|Add0~17         ; cout0            ;
; |test_button|frequency_division:U1|Add0~16         ; |test_button|frequency_division:U1|Add0~17COUT1_28 ; cout1            ;
; |test_button|frequency_division:U1|Add0~18         ; |test_button|frequency_division:U1|Add0~18         ; combout          ;
; |test_button|frequency_division:U1|Add0~18         ; |test_button|frequency_division:U1|Add0~19         ; cout0            ;
; |test_button|frequency_division:U1|Add0~18         ; |test_button|frequency_division:U1|Add0~19COUT1_30 ; cout1            ;
; |test_button|frequency_division:U1|Add0~20         ; |test_button|frequency_division:U1|Add0~20         ; combout          ;
; |test_button|frequency_division:U1|Add0~20         ; |test_button|frequency_division:U1|Add0~21         ; cout0            ;
; |test_button|frequency_division:U1|Add0~20         ; |test_button|frequency_division:U1|Add0~21COUT1_34 ; cout1            ;
; |test_button|clk_in                                ; |test_button|clk_in~corein                         ; combout          ;
; |test_button|col_in[2]                             ; |test_button|col_in[2]~corein                      ; combout          ;
; |test_button|col_in[3]                             ; |test_button|col_in[3]~corein                      ; combout          ;
; |test_button|col_in[1]                             ; |test_button|col_in[1]~corein                      ; combout          ;
; |test_button|col_in[0]                             ; |test_button|col_in[0]~corein                      ; combout          ;
; |test_button|row_out[1]                            ; |test_button|row_out[1]                            ; padio            ;
; |test_button|row_out[2]                            ; |test_button|row_out[2]                            ; padio            ;
; |test_button|row_out[3]                            ; |test_button|row_out[3]                            ; padio            ;
; |test_button|digitron_cat[4]                       ; |test_button|digitron_cat[4]                       ; padio            ;
; |test_button|digitron_cat[5]                       ; |test_button|digitron_cat[5]                       ; padio            ;
; |test_button|digitron_show[0]                      ; |test_button|digitron_show[0]                      ; padio            ;
; |test_button|digitron_show[1]                      ; |test_button|digitron_show[1]                      ; padio            ;
; |test_button|digitron_show[2]                      ; |test_button|digitron_show[2]                      ; padio            ;
; |test_button|digitron_show[3]                      ; |test_button|digitron_show[3]                      ; padio            ;
; |test_button|digitron_show[4]                      ; |test_button|digitron_show[4]                      ; padio            ;
; |test_button|digitron_show[5]                      ; |test_button|digitron_show[5]                      ; padio            ;
; |test_button|digitron_show[6]                      ; |test_button|digitron_show[6]                      ; padio            ;
+----------------------------------------------------+----------------------------------------------------+------------------+


The following table displays output ports that do not toggle to 1 during simulation.
+------------------------------------------------------------------------------------------+
; Missing 1-Value Coverage                                                                 ;
+-----------------------------------+-----------------------------------+------------------+
; Node Name                         ; Output Port Name                  ; Output Port Type ;
+-----------------------------------+-----------------------------------+------------------+
; |test_button|translate:U2|Mux25~2 ; |test_button|translate:U2|Mux25~2 ; combout          ;
; |test_button|translate:U2|Mux24~1 ; |test_button|translate:U2|Mux24~1 ; combout          ;
; |test_button|row_out[0]           ; |test_button|row_out[0]           ; padio            ;
; |test_button|digitron_cat[0]      ; |test_button|digitron_cat[0]      ; padio            ;
; |test_button|digitron_cat[1]      ; |test_button|digitron_cat[1]      ; padio            ;
; |test_button|digitron_cat[2]      ; |test_button|digitron_cat[2]      ; padio            ;
; |test_button|digitron_cat[3]      ; |test_button|digitron_cat[3]      ; padio            ;
+-----------------------------------+-----------------------------------+------------------+


The following table displays output ports that do not toggle to 0 during simulation.
+------------------------------------------------------------------------------------------+
; Missing 0-Value Coverage                                                                 ;
+-----------------------------------+-----------------------------------+------------------+
; Node Name                         ; Output Port Name                  ; Output Port Type ;
+-----------------------------------+-----------------------------------+------------------+
; |test_button|translate:U2|Mux25~2 ; |test_button|translate:U2|Mux25~2 ; combout          ;
; |test_button|translate:U2|Mux24~1 ; |test_button|translate:U2|Mux24~1 ; combout          ;
; |test_button|row_out[0]           ; |test_button|row_out[0]           ; padio            ;
; |test_button|digitron_cat[0]      ; |test_button|digitron_cat[0]      ; padio            ;
; |test_button|digitron_cat[1]      ; |test_button|digitron_cat[1]      ; padio            ;
; |test_button|digitron_cat[2]      ; |test_button|digitron_cat[2]      ; padio            ;
; |test_button|digitron_cat[3]      ; |test_button|digitron_cat[3]      ; padio            ;
+-----------------------------------+-----------------------------------+------------------+


+---------------------+
; Simulator INI Usage ;
+--------+------------+
; Option ; Usage      ;
+--------+------------+


+--------------------+
; Simulator Messages ;
+--------------------+
Info: *******************************************************************
Info: Running Quartus II 64-Bit Simulator
    Info: Version 9.0 Build 132 02/25/2009 SJ Full Version
    Info: Processing started: Tue Nov 01 18:04:32 2016
Info: Command: quartus_sim --read_settings_files=on --write_settings_files=off test_button -c test_button
Info: Using vector source file "F:/VDHL preject for Schoolworks/test_button/test_button.vwf"
Warning: Ignored node in vector source file. Can't find corresponding node name "col_m[7]" in design.
Warning: Ignored node in vector source file. Can't find corresponding node name "col_m[6]" in design.
Warning: Ignored node in vector source file. Can't find corresponding node name "col_m[5]" in design.
Warning: Ignored node in vector source file. Can't find corresponding node name "col_m[4]" in design.
Warning: Ignored node in vector source file. Can't find corresponding node name "col_m[3]" in design.
Warning: Ignored node in vector source file. Can't find corresponding node name "col_m[2]" in design.
Warning: Ignored node in vector source file. Can't find corresponding node name "col_m[1]" in design.
Warning: Ignored node in vector source file. Can't find corresponding node name "col_m[0]" in design.
Warning: Ignored node in vector source file. Can't find corresponding node name "row_m[7]" in design.
Warning: Ignored node in vector source file. Can't find corresponding node name "row_m[6]" in design.
Warning: Ignored node in vector source file. Can't find corresponding node name "row_m[5]" in design.
Warning: Ignored node in vector source file. Can't find corresponding node name "row_m[4]" in design.
Warning: Ignored node in vector source file. Can't find corresponding node name "row_m[3]" in design.
Warning: Ignored node in vector source file. Can't find corresponding node name "row_m[2]" in design.
Warning: Ignored node in vector source file. Can't find corresponding node name "row_m[1]" in design.
Warning: Ignored node in vector source file. Can't find corresponding node name "row_m[0]" in design.
Info: Option to preserve fewer signal transitions to reduce memory requirements is enabled
    Info: Simulation has been partitioned into sub-simulations according to the maximum transition count determined by the engine. Transitions from memory will be flushed out to disk at the end of each sub-simulation to reduce memory requirements.
Info: Simulation partitioned into 1 sub-simulations
Info: Simulation coverage is      94.44 %
Info: Number of transitions in simulation is 34592
Info: Quartus II 64-Bit Simulator was successful. 0 errors, 16 warnings
    Info: Peak virtual memory: 195 megabytes
    Info: Processing ended: Tue Nov 01 18:04:33 2016
    Info: Elapsed time: 00:00:01
    Info: Total CPU time (on all processors): 00:00:00


