--------------------------------------------------------------------------------------
Timing Analyzer Summary
--------------------------------------------------------------------------------------

Type           : Worst-case tsu
Slack          : N/A
Required Time  : None
Actual Time    : 1.539 ns
From           : col_in[0]
To             : translate:U2|start_out_t
From Clock     : --
To Clock       : clk_in
Failed Paths   : 0

Type           : Worst-case tco
Slack          : N/A
Required Time  : None
Actual Time    : 14.270 ns
From           : translate:U2|row_out_t[3]
To             : row_out[3]
From Clock     : clk_in
To Clock       : --
Failed Paths   : 0

Type           : Worst-case th
Slack          : N/A
Required Time  : None
Actual Time    : 2.954 ns
From           : col_in[1]
To             : translate:U2|b_ok_out_t
From Clock     : --
To Clock       : clk_in
Failed Paths   : 0

Type           : Clock Setup: 'clk_in'
Slack          : N/A
Required Time  : None
Actual Time    : 62.47 MHz ( period = 16.008 ns )
From           : translate:U2|show_out_t
To             : prevent_shake:U7|counter_p[3]
From Clock     : clk_in
To Clock       : clk_in
Failed Paths   : 0

Type           : Clock Hold: 'clk_in'
Slack          : Not operational: Clock Skew > Data Delay
Required Time  : None
Actual Time    : N/A
From           : prevent_shake:U3|b_select_out_p[0]
To             : judge:U6|a_score_tmp[1]
From Clock     : clk_in
To Clock       : clk_in
Failed Paths   : 14

Type           : Total number of failed paths
Slack          : 
Required Time  : 
Actual Time    : 
From           : 
To             : 
From Clock     : 
To Clock       : 
Failed Paths   : 14

--------------------------------------------------------------------------------------

