--------------------------------------------------------------------------------------
Timing Analyzer Summary
--------------------------------------------------------------------------------------

Type           : Worst-case tsu
Slack          : N/A
Required Time  : None
Actual Time    : 5.966 ns
From           : col_in[3]
To             : translate:U2|show_out_t
From Clock     : --
To Clock       : clk_in
Failed Paths   : 0

Type           : Worst-case tco
Slack          : N/A
Required Time  : None
Actual Time    : 19.819 ns
From           : matrix:U8|row_out_m[3]
To             : row_m[3]
From Clock     : clk_in
To Clock       : --
Failed Paths   : 0

Type           : Worst-case th
Slack          : N/A
Required Time  : None
Actual Time    : -1.379 ns
From           : col_in[0]
To             : translate:U2|a_ok_out_t
From Clock     : --
To Clock       : clk_in
Failed Paths   : 0

Type           : Clock Setup: 'clk_in'
Slack          : N/A
Required Time  : None
Actual Time    : 69.53 MHz ( period = 14.382 ns )
From           : translate:U2|state[1]
To             : translate:U2|show_out_t
From Clock     : clk_in
To Clock       : clk_in
Failed Paths   : 0

Type           : Clock Hold: 'clk_in'
Slack          : Not operational: Clock Skew > Data Delay
Required Time  : None
Actual Time    : N/A
From           : get_select:U10|b_select_out_g[0]
To             : matrix:U8|col_out_m[1]
From Clock     : clk_in
To Clock       : clk_in
Failed Paths   : 59

Type           : Total number of failed paths
Slack          : 
Required Time  : 
Actual Time    : 
From           : 
To             : 
From Clock     : 
To Clock       : 
Failed Paths   : 59

--------------------------------------------------------------------------------------

